=============================================================================
 EAX Rotation Feature Tests
 Root: EaxRotations
 Files: 252 suites
=============================================================================

 [ PASS ] test_pvp_burst_window.lua        ok
 [ PASS ] test_boss_school_immunity.lua    ok
 [ PASS ] test_try_cast_izi_primary.lua    ok
 [ PASS ] test_range_verification_oor_fallthrough.lua ok
 [ PASS ] test_update_callback_void_registration.lua ok
 [ PASS ] test_update_callback_rotation_disabled_sync.lua ok
 [ PASS ] test_dispatcher_role_mode.lua    ok
 [ PASS ] test_class_loader_fail_closed.lua ok
 [ PASS ] test_shadow_silence_interrupt.lua ok
 [ PASS ] test_arms_healthstone.lua        ok
 [ PASS ] test_hunter_bm_melee_aoe_trinket.lua ok
 [ PASS ] test_stopcast_engine.lua         ok
 [ PASS ] test_pet_heal.lua                ok
 [ PASS ] test_triage_tank_bias.lua        ok
 [ PASS ] test_snap_threat.lua             ok
 [ PASS ] test_combat_mode.lua             ok
 [ PASS ] test_paladin_protection_jow_mode.lua ok
 [ PASS ] test_holy_lg_chaining.lua        ok
 [ PASS ] test_protection_bok_party.lua    ok
 [ PASS ] test_paladin_retribution_post_swing_judge.lua ok
 [ PASS ] test_paladin_retribution_seal_ooc.lua ok
 [ PASS ] test_paladin_retribution_twist_diagnostics.lua ok
 [ PASS ] test_swing_diagnostics.lua       ok
 [ PASS ] test_melee_cleu_wiring.lua       ok
 [ PASS ] test_swing_mechanics.lua         ok
 [ PASS ] test_snapshot_helper.lua         ok
 [ PASS ] test_shaman_enhancement_totem_twist.lua ok
 [ PASS ] test_shaman_enhancement_auto_weapon_buffs.lua ok
 [ PASS ] test_shaman_enhancement_intelligent_shield.lua ok
 [ PASS ] test_dot_ttd_gating.lua          ok
 [ PASS ] test_shot_timer.lua              ok
 [ PASS ] test_aspect_manager.lua          ok
 [ PASS ] test_shadow_multidot.lua         ok
 [ PASS ] test_shadow_inner_focus_combo.lua ok
 [ PASS ] test_shadow_refresh_windows.lua  ok
 [ PASS ] test_affliction_dot_ttd.lua      ok
 [ PASS ] test_hunter_shot_timer_integration.lua ok
 [ PASS ] test_hunter_melee_weave.lua      ok
 [ PASS ] test_stance_manager.lua          ok
 [ PASS ] test_rage_manager.lua            ok
 [ PASS ] test_dispel_manager.lua          ok
 [ PASS ] test_arms_custom_matches.lua     ok
 [ PASS ] test_arms_hamstring_tactician.lua ok
 [ PASS ] test_arms_rage_gating.lua        ok
 [ PASS ] test_arms_critical_fixes.lua     ok
 [ PASS ] test_warrior_defensive_threshold_wiring.lua ok
 [ PASS ] test_hunter_aspect_matches.lua   ok
 [ PASS ] test_pet_happiness.lua           ok
 [ PASS ] test_hunter_pet_manager_wiring.lua ok
 [ PASS ] test_hunter_steady_shot_weave.lua ok
 [ PASS ] test_hunter_dead_zone.lua        ok
 [ PASS ] test_mm_trueshot_aura.lua        ok
 [ PASS ] test_beast_mastery_custom_matches.lua ok
 [ PASS ] test_marksmanship_custom_matches.lua ok
 [ PASS ] test_survival_custom_matches.lua ok
 [ PASS ] test_priest_holy_custom_matches.lua ok
 [ PASS ] test_priest_holy_friendly_target.lua ok
 [ PASS ] test_discipline_friendly_target.lua ok
 [ PASS ] test_paladin_holy_friendly_target.lua ok
 [ PASS ] test_druid_resto_friendly_target.lua ok
 [ PASS ] test_shaman_resto_friendly_target.lua ok
 [ PASS ] test_balance_custom_matches.lua  ok
 [ PASS ] test_bear_custom_matches.lua     ok
 [ PASS ] test_cat_custom_matches.lua      ok
 [ PASS ] test_druid_caster_custom_matches.lua ok
 [ PASS ] test_aura_probe_sylvanas.lua     ok
 [ PASS ] test_trinket_manager.lua         ok
 [ PASS ] test_cooldown_planner.lua        ok
 [ PASS ] test_spell_resolver_cache.lua    ok
 [ PASS ] test_boss_count.lua              ok
 [ PASS ] test_tbc_consumable_data.lua     ok
 [ PASS ] test_cooldown_registry.lua       ok
 [ PASS ] test_runtime_compat_aliases.lua  ok
 [ PASS ] test_archive_self_buff_aliases.lua ok
 [ PASS ] test_expansion_helpers.lua       ok
 [ PASS ] test_execute_phase.lua           ok
 [ PASS ] test_melee_combat_math.lua       ok
 [ PASS ] test_spell_rank_fallback.lua     ok
 [ PASS ] test_spell_id_table_regressions.lua ok
 [ PASS ] test_ooc_manager.lua             ok
 [ PASS ] test_racial_manager.lua          ok
 [ PASS ] test_racial_autocast.lua         ok
 [ PASS ] test_interrupt_manager.lua       ok
 [ PASS ] test_interrupt_manager_school_lock.lua ok
 [ PASS ] test_burst_logic_integration.lua ok
 [ PASS ] test_mage_tbc_corrections.lua    ok
 [ PASS ] test_fsr_positive_delta.lua      ok
 [ PASS ] test_api_lint.lua                ok
 [ PASS ] test_rotation_static_compliance.lua ok
 [ PASS ] test_rotation_strategy_compliance.lua ok
 [ PASS ] test_quality_bar_compliance.lua  ok
 [ PASS ] test_spec_layout_compliance.lua  ok
 [ PASS ] test_schema_compliance.lua       ok
 [ PASS ] test_cross_consistency.lua       ok
 [ PASS ] test_hunter_adaptive_nil_globals.lua ok
 [ PASS ] test_vec2_api_lint.lua           ok
 [ PASS ] test_fire_scorch_maintenance.lua ok
 [ PASS ] test_frost_shatter_combo.lua     ok
 [ PASS ] test_ele_shock_gating.lua        ok
 [ PASS ] test_gear_helpers.lua            ok
 [ PASS ] test_dot_refresh.lua             ok
 [ PASS ] test_dot_refresh_integration.lua ok
 [ PASS ] test_enemy_count_hysteresis.lua  ok
 [ PASS ] test_sticky_spell.lua            ok
 [ PASS ] test_control_panel_quick_toggles.lua ok
 [ PASS ] test_playstyle_label_fallback_fires.lua ok
 [ PASS ] test_playstyle_setting_overrides_stale_active.lua ok
 [ PASS ] test_playstyle_setting_seeds_active.lua ok
 [ PASS ] test_combat_state_unknown_no_ooc.lua ok
 [ PASS ] test_can_attack_false_enemy_with_fires.lua ok
 [ PASS ] test_can_attack_false_reaction_hostile_fires.lua ok
 [ PASS ] test_invalid_visible_object_skipped.lua ok
 [ PASS ] test_range_false_fallback_allows_cast.lua ok
 [ PASS ] test_healer_solo_fallback_matches.lua ok
 [ PASS ] test_find_dead_party_ally.lua    ok
 [ PASS ] test_smite_solo_matches.lua      ok
 [ PASS ] test_middleware_matches_gate.lua ok
 [ PASS ] test_context_completeness.lua    ok
 [ PASS ] test_gcd_duration_does_not_block.lua ok
 [ PASS ] test_izi_target_fallback_fires.lua ok
 [ PASS ] test_warlock_selected_target_fires.lua ok
 [ PASS ] test_warlock_focus_target_fires.lua ok
 [ PASS ] test_warlock_enemy_scan_fallback_fires.lua ok
 [ PASS ] test_affliction_summon_felhunter.lua ok
 [ PASS ] test_try_cast_no_global_5s_lockout.lua ok
 [ PASS ] test_try_cast_reason.lua         ok
 [ PASS ] test_action_execute_skip_gcd_izi_primary.lua ok
 [ PASS ] test_unified_registry.lua        ok
 [ PASS ] test_leveling_dispatcher_prepass.lua ok
 [ PASS ] test_leveling_dispatcher_registration.lua ok
 [ PASS ] test_shaman_leveling_registration.lua ok
 [ PASS ] test_role_rotation_regressions.lua ok
 [ PASS ] test_shaman_lightning_shield_throttle.lua ok
 [ PASS ] test_shaman_enhancement_self_heal.lua ok
 [ PASS ] test_elemental_custom_matches.lua ok
 [ PASS ] test_enhancement_custom_matches.lua ok
 [ PASS ] test_threat_drop_party_gate.lua  ok
 [ PASS ] test_paladin_tbc_seals.lua       ok
 [ PASS ] test_paladin_throttle_regression.lua ok
 [ PASS ] test_paladin_consecration_downrank.lua ok
 [ PASS ] test_paladin_avenger_shield_opener.lua ok
 [ PASS ] test_retribution_custom_matches.lua ok
 [ PASS ] test_protection_custom_matches.lua ok
 [ PASS ] test_paladin_vanilla_seal_ooc_gate.lua ok
 [ PASS ] test_arcane_custom_matches.lua   ok
 [ PASS ] test_fire_custom_matches.lua     ok
 [ PASS ] test_frost_custom_matches.lua    ok
 [ PASS ] test_demonology_custom_matches.lua ok
 [ PASS ] test_affliction_custom_matches.lua ok
 [ PASS ] test_demonology_curse_mode_gates.lua ok
 [ PASS ] test_discipline_custom_matches.lua ok
 [ PASS ] test_fury_custom_matches.lua     ok
 [ PASS ] test_kebab_general_use_matches.lua ok
 [ PASS ] test_mf_tick_tracking.lua        ok
 [ PASS ] test_cat_snapshot_upgrade.lua    ok
 [ PASS ] test_cat_trick_optimizations.lua ok
 [ PASS ] test_pattern15_audit.lua         ok
 [ PASS ] test_consumable_manager_settings.lua ok
 [ PASS ] test_subtlety_custom_matches.lua ok
 [ PASS ] test_assassination_custom_matches.lua ok
 [ PASS ] test_combat_custom_matches.lua   ok
 [ PASS ] test_assassination_dagger_requirement.lua ok
 [ PASS ] test_assassination_mutilate_dagger_check.lua ok
 [ PASS ] test_rogue_snd_maintenance.lua   ok
 [ PASS ] test_combat_energy_pooling.lua   ok
 [ PASS ] test_elemental_clearcast_priority.lua ok
 [ PASS ] test_balance_faerie_fire.lua     ok
 [ PASS ] test_balance_war_stomp.lua       ok
 [ PASS ] test_destruction_shadowburn.lua  ok
 [ PASS ] test_destruction_mana_gem.lua    ok
 [ PASS ] test_destruction_demonic_sacrifice.lua ok
 [ PASS ] test_affliction_life_tap.lua     ok
 [ PASS ] test_elemental_weapon_buffs.lua  ok
 [ PASS ] test_restoration_healing_way.lua ok
 [ PASS ] test_survival_concussive_misdirection.lua ok
 [ PASS ] test_fury_health_potion.lua      ok
 [ PASS ] test_holy_priest_feature_gaps.lua ok
 [ PASS ] test_discipline_feature_gaps.lua ok
 [ PASS ] test_protection_feature_gaps.lua ok
 [ PASS ] test_triage_rank.lua             ok
 [ PASS ] test_aoe_heal_best_target.lua    ok
 [ PASS ] test_triage_loaded.lua           ok
 [ PASS ] test_arena_priority.lua          ok
 [ PASS ] test_benchmark.lua               ok
 [ PASS ] test_burst_window.lua            ok
 [ PASS ] test_dispatcher_tick.lua         ok
 [ PASS ] test_ema_ttd_fallback.lua        ok
 [ PASS ] test_talent_context.lua          ok
 [ PASS ] test_reset_api_health_aspect_manager.lua ok
 [ PASS ] test_cross_expansion_spell_validation.lua ok
 [ PASS ] test_spell_rank_resolver_cross_expansion.lua ok
 [ PASS ] test_potion_helper_module.lua    ok
 [ PASS ] test_auto_potion_strategies.lua  ok
 [ PASS ] test_bear_vanilla_nil_guards.lua ok
 [ PASS ] test_subtlety_vanilla_nil_guards.lua ok
 [ PASS ] test_warrior_vanilla_nil_guards.lua ok
 [ PASS ] test_warrior_leveling_vanilla_spells.lua ok
 [ PASS ] test_druid_vanilla_nil_guards.lua ok
 [ PASS ] test_rogue_vanilla_nil_guards.lua ok
 [ PASS ] test_paladin_vanilla_nil_guards.lua ok
 [ PASS ] test_hunter_vanilla_nil_guards.lua ok
 [ PASS ] test_mage_vanilla_nil_guards.lua ok
 [ PASS ] test_priest_vanilla_nil_guards.lua ok
 [ PASS ] test_shaman_vanilla_nil_guards.lua ok
 [ PASS ] test_warlock_vanilla_nil_guards.lua ok
 [ PASS ] test_priest_holy_vanilla_friendly_target.lua ok
 [ PASS ] test_priest_discipline_vanilla_friendly_target.lua ok
 [ PASS ] test_paladin_holy_vanilla_friendly_target.lua ok
 [ PASS ] test_druid_resto_vanilla_friendly_target.lua ok
 [ PASS ] test_shaman_resto_vanilla_friendly_target.lua ok
 [ PASS ] test_paladin_holy_custom_matches.lua ok
 [ PASS ] test_playstyle_combobox_write_syncs.lua ok
 [ PASS ] test_state_field_nil_guards_2026_06.lua ok
 [ PASS ] test_warrior_middleware_nil_guard.lua ok
 [ PASS ] test_healer_deficit.lua          ok
 [ PASS ] test_spell_id_table.lua          ok
 [ PASS ] test_buff_upgrade.lua            ok
 [ PASS ] test_cast_path_integration.lua   ok
 [ PASS ] test_discipline_healer_mode.lua  ok
 [ PASS ] test_druid_middleware_nil_guard.lua ok
 [ PASS ] test_evaluate_cast_casting_guard.lua ok
 [ PASS ] test_healer_deficit_overheal.lua ok
 [ PASS ] test_interrupt_spec_integration.lua ok
 [ PASS ] test_other_classes_middleware_nil_guard.lua ok
 [ PASS ] test_playstyle_tooltip_class_name.lua ok
 [ PASS ] test_restoration_shield_tracking.lua ok
 [ PASS ] test_spec_kit.lua                ok
 [ PASS ] test_spell_validation_talent_inference_health.lua ok
 [ PASS ] test_ttd_normalization.lua       ok
 [ PASS ] test_ttd_tracker.lua             ok
 [ PASS ] test_classic_druid_spec.lua      ok
 [ PASS ] test_classic_remaining_specs.lua ok
 [ PASS ] test_classic_warrior_spec.lua    ok
 [ PASS ] test_leveling_druid.lua          ok
 [ PASS ] test_leveling_edge_cases.lua     ok
 [ PASS ] test_leveling_hunter.lua         ok
 [ PASS ] test_leveling_load.lua           ok
 [ PASS ] test_leveling_mage.lua           ok
 [ PASS ] test_leveling_paladin.lua        ok
 [ PASS ] test_leveling_priest.lua         ok
 [ PASS ] test_leveling_rogue.lua          ok
 [ PASS ] test_leveling_shaman.lua         ok
 [ PASS ] test_leveling_shared.lua         ok
 [ PASS ] test_leveling_warlock.lua        ok
 [ PASS ] test_leveling_warrior.lua        ok
 [ PASS ] test_leveling_compliance.lua     ok
 [ PASS ] test_reset_api_health.lua        ok
 [ PASS ] test_reset_api_health_spell_integration.lua ok
 [ PASS ] test_autoloot_sylvanas.lua       ok
 [ PASS ] test_context_wired_fields_2026_06.lua ok
 [ PASS ] test_multidot_engagement_filter.lua ok
 [ PASS ] test_strategy_categorization_validator.lua ok

=============================================================================
 RESULTS
=============================================================================
 Total: 252 suites
 Passed: 252
 Failed:   0
=============================================================================
